.=== Starting migration
=== Starting migration
.=== Starting migration
=== Starting migration
.=== Starting migration
.=== Starting migration
.=== Starting migration
=== Starting migration
.=== Starting migration
=== Starting migration
.=== Starting migration
=== Starting migration
.=== Starting migration
=== Starting migration
.=== Starting migration
=== Starting migration
.=== Starting migration
=== Starting migration
.=== Starting migration
=== Starting migration
.=== Starting migration
=== Starting migration
.=== Starting migration
=== Starting migration
.=== Starting migration
=== Starting migration
.=== Starting migration
=== Starting migration
.=== Starting migration
=== Starting migration
.=== Starting migration
=== Starting migration
.=== Starting migration
=== Starting migration
.=== Starting migration
=== Starting migration
.=== Starting migration
=== Starting migration
.=== Starting migration
=== Starting migration
.=== Starting migration
=== Starting migration
.=== Starting migration
=== Starting migration
.=== Starting migration
=== Starting migration
.=== Starting migration
=== Starting migration
.=== Starting migration
=== Starting migration
.=== Starting migration
=== Starting migration
.=== Starting migration
=== Starting migration
.=== Starting migration
=== Starting migration
.=== Starting migration
=== Starting migration
.=== Starting migration
=== Starting migration
.=== Starting migration
=== Starting migration
.=== Starting migration
=== Starting migration
.=== Starting migration
=== Starting migration
.=== Starting migration
=== Starting migration
.=== Starting migration
=== Starting migration
.=== Starting migration
=== Starting migration
.=== Starting migration
=== Starting migration
.=== Starting migration
=== Starting migration
.=== Starting migration
=== Starting migration
.=== Starting migration
=== Starting migration
.=== Starting migration
=== Starting migration
.=== Starting migration
=== Starting migration
.=== Starting migration
=== Starting migration
.=== Starting migration
=== Starting migration
.=== Starting migration
=== Starting migration
.=== Starting migration
=== Starting migration
.=== Starting migration
=== Starting migration
.=== Starting migration
=== Starting migration
.=== Starting migration
=== Starting migration
.=== Starting migration
=== Starting migration
.=== Starting migration
=== Starting migration
.=== Starting migration
=== Starting migration
.=== Starting migration
=== Starting migration
.=== Starting migration
=== Starting migration
.=== Starting migration
=== Starting migration
.=== Starting migration
=== Starting migration
.=== Starting migration
=== Starting migration
.
----------------------------------------------------------------------
Ran 100 tests in 432.864s

OK
Destroying test database for alias 'default'...
