  Applying results.0008_report_card_comments...
 OK
  Applying results.0009_a_released_remark_stays_released...
 OK
  Applying results.0010_a_released_remark_outlives_a_class_move...
 OK
  Applying results.0011_a_released_rating_outlives_a_class_move...
 OK
  Applying results.0012_three_term_view_and_promotion...
 OK
  Applying results.0013_a_session_line_and_a_decision_are_append_only...
 OK
  Applying results.0014_a_term_weighted_nothing_is_still_a_term...
 OK
  Applying results.0015_grade_bands...
 OK
  Applying results.0016_the_report_card_snapshot...
 OK
  Applying results.0017_every_frozen_row_hangs_off_a_card...
 OK
  Applying results.0018_a_frozen_card_is_append_only...
 OK
  Applying results.0019_a_card_can_be_reissued...
 OK
  Applying results.0020_no_index_is_built_twice...
 OK
  Applying results.0021_the_rendered_card...
 OK
  Applying results.0022_a_card_owes_a_file_from_the_moment_it_is_released...
 OK
  Applying results.0023_a_card_can_be_held_back...
 OK
  Applying sessions.0001_initial...
 OK
.
----------------------------------------------------------------------
Ran 106 tests in 182.126s

OK
Destroying test database for alias 'default'...
